<?xml version="1.0" encoding="utf-8"?><testsuites name="pytest tests"><testsuite name="pytest" errors="0" failures="0" skipped="0" tests="6" time="0.379" timestamp="2026-10-09T17:36:59.652281+02:00" hostname="NoctesPC"><testcase classname="test_app" name="test_home" time="0.012" /><testcase classname="test_app" name="test_add_route" time="0.001" /><testcase classname="test_calc" name="test_add" time="0.000" /><testcase classname="test_calc" name="test_divide" time="0.000" /><testcase classname="test_calc" name="test_divide_by_zero" time="0.001" /><testcase classname="test_calc" name="test_multiply" time="0.000" /></testsuite></testsuites>